
> xai-intelligence-workspace@1.0.0 build
> tsc && vite build

src/components/sections/Hero.tsx(1,18): error TS6133: 'useMemo' is declared but its value is never read.
